To honour the JVM settings for this build a single-use Daemon process will be forked. For more on this, please refer to https://docs.gradle.org/8.11/userguide/gradle_daemon.html#sec:disabling_the_daemon in the Gradle documentation.
Daemon will be stopped at the end of the build 
> Task :buildSrc:extractPluginRequests UP-TO-DATE
> Task :buildSrc:generatePluginAdapters UP-TO-DATE
> Task :buildSrc:compileJava UP-TO-DATE
> Task :buildSrc:compileGroovy NO-SOURCE
> Task :buildSrc:compileGroovyPlugins UP-TO-DATE
> Task :buildSrc:pluginDescriptors UP-TO-DATE
> Task :buildSrc:processResources UP-TO-DATE
> Task :buildSrc:classes UP-TO-DATE
> Task :buildSrc:jar UP-TO-DATE

> Configure project :fabric
Fabric Loom: 1.9.2

> Configure project :forge
Neither the 'eclipse' nor the 'idea' plugins were found, but IDE resource copy has been enabled.

> Task :common:compileJava UP-TO-DATE

> Task :forge:compileJava
.\gradlew.bat : C:\VS Workspace\Projects\Minecraft Mods\Servermanagement-Forge\
forge\src\main\java\com\servermanagement\features\playermanager\PlayerManagerSi
ngleton.java:144: warning: [removal] ResourceLocation(String) in 
ResourceLocation has been deprecated and marked for removal
In Zeile:1 Zeichen:1
+ .\gradlew.bat :forge:compileJava --no-daemon 2>&1 | Out-File -Encodin ...
+ ~~~~~~~~~~~~~~~~~~~~~~~~~~~~~~~~~~~~~~~~~~~~~~~~~
    + CategoryInfo          : NotSpecified: (C:\VS Workspace...ked for removal 
   :String) [], RemoteException
    + FullyQualifiedErrorId : NativeCommandError
 
                    new 
net.minecraft.resources.ResourceLocation(data.dimension)
                    ^
C:\VS Workspace\Projects\Minecraft Mods\Servermanagement-Forge\forge\src\main\j
ava\com\servermanagement\features\playermanager\PlayerManagerSingleton.java:217
: warning: [removal] ResourceLocation(String) in ResourceLocation has been 
deprecated and marked for removal
                        new 
net.minecraft.resources.ResourceLocation(data.dimension)
                        ^
C:\VS Workspace\Projects\Minecraft Mods\Servermanagement-Forge\forge\src\main\j
ava\com\servermanagement\features\playermanager\PlayerManagerSingleton.java:262
: warning: [removal] ResourceLocation(String) in ResourceLocation has been 
deprecated and marked for removal
                        new 
net.minecraft.resources.ResourceLocation(data.dimension)
                        ^
C:\VS Workspace\Projects\Minecraft Mods\Servermanagement-Forge\forge\src\main\j
ava\com\servermanagement\features\playermanager\PlayerManagerSingleton.java:330
: warning: [removal] ResourceLocation(String) in ResourceLocation has been 
deprecated and marked for removal
                        new 
net.minecraft.resources.ResourceLocation(data.dimension)
                        ^
C:\VS Workspace\Projects\Minecraft Mods\Servermanagement-Forge\forge\src\main\j
ava\com\servermanagement\network\ModNetworking.java:83: warning: [removal] 
ResourceLocation(String,String) in ResourceLocation has been deprecated and 
marked for removal
            new ResourceLocation(ServerManagementMod.MOD_ID, "main"),
            ^
Note: Some input files use or override a deprecated API.
Note: Recompile with -Xlint:deprecation for details.
5 warnings
[Incubating] Problems report is available at: file:///C:/VS%20Workspace/Projects/Minecraft%20Mods/Servermanagement-Forge/build/reports/problems/problems-report.html

BUILD SUCCESSFUL in 18s
9 actionable tasks: 1 executed, 8 up-to-date
